﻿[36mvite v8.0.3 [32mbuilding client environment for production...[36m[39m
[2K
transforming...Γ£ô 2335 modules transformed.
rendering chunks...
computing gzip size...
dist/index.html                     0.93 kB Γöé gzip:   0.49 kB
dist/assets/index-BgSlKkup.css     63.86 kB Γöé gzip:  11.19 kB
dist/assets/gsap-CXJWFztt.js       69.80 kB Γöé gzip:  27.36 kB
dist/assets/index-B0n6AZP8.js   1,086.83 kB Γöé gzip: 260.99 kB

node.exe : [33m[plugin builtin:vite-reporter] 
At C:\Program Files\nodejs\npx.ps1:29 char:3
+   & $NODE_EXE $NPX_CLI_JS $args
+   ~~~~~~~~~~~~~~~~~~~~~~~~~~~~~
    + CategoryInfo          : NotSpecified: ([ 
   33m[plugin builtin:vite-reporter] :String)   
  [], RemoteException
    + FullyQualifiedErrorId : NativeCommandErro 
   r
 
(!) Some chunks are larger than 500 kB after 
minification. Consider:
- Using dynamic import() to code-split the 
application
- Use 
build.rolldownOptions.output.codeSplitting to 
improve chunking: https://rolldown.rs/reference/
OutputOptions.codeSplitting
- Adjust chunk size limit for this warning via 
build.chunkSizeWarningLimit.[39m
[31mΓ£ù[39m Build failed in 1.30s
[31merror during build:
[31mBuild failed with 1 error:

Error: [vite]: Rolldown failed to resolve 
import "firebase/auth" from "C:/Users/sumsr/OneD
rive/Desktop/glucowave/src/context/AuthContext.j
sx".
This is most likely unintended because it can 
break your application at runtime.
If you do want to externalize this module 
explicitly add it to
`build.rollupOptions.external`
    at viteLog (file:///C:/Users/sumsr/OneDrive/
Desktop/glucowave/node_modules/vite/dist/node/ch
unks/node.js:32942:57)
    at file:///C:/Users/sumsr/OneDrive/Desktop/g
lucowave/node_modules/vite/dist/node/chunks/node
.js:32978:71
    at onwarn (file:///C:/Users/sumsr/OneDrive/D
esktop/glucowave/node_modules/@vitejs/plugin-rea
ct/dist/index.js:40:7)
    at file:///C:/Users/sumsr/OneDrive/Desktop/g
lucowave/node_modules/vite/dist/node/chunks/node
.js:32978:28
    at onRollupLog (file:///C:/Users/sumsr/OneDr
ive/Desktop/glucowave/node_modules/vite/dist/nod
e/chunks/node.js:32973:63)
    at onLog (file:///C:/Users/sumsr/OneDrive/De
sktop/glucowave/node_modules/vite/dist/node/chun
ks/node.js:32743:4)
    at file:///C:/Users/sumsr/OneDrive/Desktop/g
lucowave/node_modules/rolldown/dist/shared/rolld
own-build-CPrIX9V6.mjs:49:26
    at logger (file:///C:/Users/sumsr/OneDrive/D
esktop/glucowave/node_modules/rolldown/dist/shar
ed/rolldown-build-CPrIX9V6.mjs:40:3)
    at onLog (file:///C:/Users/sumsr/OneDrive/De
sktop/glucowave/node_modules/rolldown/dist/share
d/bindingify-input-options-e7ze4hPR.mjs:1972:32)
[31m
    at aggregateBindingErrorsIntoJsError (file:/
//C:/Users/sumsr/OneDrive/Desktop/glucowave/node
_modules/rolldown/dist/shared/error-BLhcSyeg.mjs
:48:18)
    at unwrapBindingResult (file:///C:/Users/sum
sr/OneDrive/Desktop/glucowave/node_modules/rolld
own/dist/shared/error-BLhcSyeg.mjs:18:128)
    at #build (file:///C:/Users/sumsr/OneDrive/D
esktop/glucowave/node_modules/rolldown/dist/shar
ed/rolldown-build-CPrIX9V6.mjs:3313:34)
    at async buildEnvironment (file:///C:/Users/
sumsr/OneDrive/Desktop/glucowave/node_modules/vi
te/dist/node/chunks/node.js:32849:64)
    at async Object.build (file:///C:/Users/sums
r/OneDrive/Desktop/glucowave/node_modules/vite/d
ist/node/chunks/node.js:33271:19)
    at async Object.buildApp (file:///C:/Users/s
umsr/OneDrive/Desktop/glucowave/node_modules/vit
e/dist/node/chunks/node.js:33268:153)
    at async CAC.<anonymous> (file:///C:/Users/s
umsr/OneDrive/Desktop/glucowave/node_modules/vit
e/dist/node/cli.js:778:3) {
  errors: [Getter/Setter]
}[39m
